// Jest Snapshot v1, https://goo.gl/fbAQLP

exports[`Loader renders correctly 1`] = `
<div>
  <div
    class="mx-auto"
  >
    <div
      aria-label="loading"
      class="inline-block h-6 w-6 animate-spin rounded-full border-[3px] border-current border-t-transparent text-blue-600 dark:text-blue-500"
      role="status"
    >
      <span
        class="sr-only"
      >
        Loading...
      </span>
    </div>
  </div>
</div>
`;
